MPLINK 4.43, Linker
Linker Map File - Created Thu Jun 10 19:42:12 2021

                                 Section Info
                  Section       Type    Address   Location Size(Bytes)
                ---------  ---------  ---------  ---------  ---------
                   .org_0       code   0x000000    program   0x000000
                   .org_1       code   0x000000    program   0x000004
                   .org_2       code   0x000008    program   0x0000a8



                              Program Memory Usage 
                               Start         End      
                           ---------   ---------      
                            0x000000    0x000003      
                            0x000008    0x0000af      
            172 out of 33048 program addresses used, program memory utilization is 0%



                              Symbols - Sorted by Name
                     Name    Address   Location    Storage File                     
                ---------  ---------  ---------  --------- ---------                
              BAT_RB2_LOW   0x00007e    program     static D:\Meus Arquivos\Videos\MM MICRO\PS-MM.asm
           BAT_RB2_NORMAL   0x000078    program     static D:\Meus Arquivos\Videos\MM MICRO\PS-MM.asm
            BOTAO_RB1_LIB   0x00008e    program     static D:\Meus Arquivos\Videos\MM MICRO\PS-MM.asm
          BOTAO_RB1_PRESS   0x000096    program     static D:\Meus Arquivos\Videos\MM MICRO\PS-MM.asm
                      CFG   0x000054    program     static D:\Meus Arquivos\Videos\MM MICRO\PS-MM.asm
             DESLIGA_TEMP   0x000050    program     static D:\Meus Arquivos\Videos\MM MICRO\PS-MM.asm
                   INICIO   0x000084    program     static D:\Meus Arquivos\Videos\MM MICRO\PS-MM.asm
                     MAIN   0x00006e    program     static D:\Meus Arquivos\Videos\MM MICRO\PS-MM.asm
                  SAI_INT   0x000036    program     static D:\Meus Arquivos\Videos\MM MICRO\PS-MM.asm
             SCAN_RB3_LIB   0x0000a4    program     static D:\Meus Arquivos\Videos\MM MICRO\PS-MM.asm
         SCAN_RB3_OCUPADO   0x0000a0    program     static D:\Meus Arquivos\Videos\MM MICRO\PS-MM.asm
                     TEMP   0x000042    program     static D:\Meus Arquivos\Videos\MM MICRO\PS-MM.asm



                              Symbols - Sorted by Address
                     Name    Address   Location    Storage File                     
                ---------  ---------  ---------  --------- ---------                
                  SAI_INT   0x000036    program     static D:\Meus Arquivos\Videos\MM MICRO\PS-MM.asm
                     TEMP   0x000042    program     static D:\Meus Arquivos\Videos\MM MICRO\PS-MM.asm
             DESLIGA_TEMP   0x000050    program     static D:\Meus Arquivos\Videos\MM MICRO\PS-MM.asm
                      CFG   0x000054    program     static D:\Meus Arquivos\Videos\MM MICRO\PS-MM.asm
                     MAIN   0x00006e    program     static D:\Meus Arquivos\Videos\MM MICRO\PS-MM.asm
           BAT_RB2_NORMAL   0x000078    program     static D:\Meus Arquivos\Videos\MM MICRO\PS-MM.asm
              BAT_RB2_LOW   0x00007e    program     static D:\Meus Arquivos\Videos\MM MICRO\PS-MM.asm
                   INICIO   0x000084    program     static D:\Meus Arquivos\Videos\MM MICRO\PS-MM.asm
            BOTAO_RB1_LIB   0x00008e    program     static D:\Meus Arquivos\Videos\MM MICRO\PS-MM.asm
          BOTAO_RB1_PRESS   0x000096    program     static D:\Meus Arquivos\Videos\MM MICRO\PS-MM.asm
         SCAN_RB3_OCUPADO   0x0000a0    program     static D:\Meus Arquivos\Videos\MM MICRO\PS-MM.asm
             SCAN_RB3_LIB   0x0000a4    program     static D:\Meus Arquivos\Videos\MM MICRO\PS-MM.asm


